
[1m[30m[46m RUN [49m[39m[22m [36mv5.0.0 [39m[90mC:/Users/17731/Desktop/KFF[39m

[90mstdout[2m | tests/integration/browser-message.test.ts
[22m[39mApplied migration: 20260911164326_g1_execution_core.sql

[90mstdout[2m | tests/integration/browser-message.test.ts
[22m[39mApplied migration: 20260911173241_g1_permits_reconciliation.sql

[90mstdout[2m | tests/integration/browser-message.test.ts
[22m[39mApplied migration: 20260911175249_g1_capability_evidence.sql

[90mstdout[2m | tests/integration/browser-message.test.ts
[22m[39mApplied migration: 20260911175746_g1_agent_slot_guard.sql

[90mstdout[2m | tests/integration/browser-message.test.ts
[22m[39mApplied migration: 20260911181005_g1_stop_and_agent_management.sql

[90mstdout[2m | tests/integration/browser-message.test.ts
[22m[39mApplied migration: 20260911185039_g1_contact_eligibility.sql

[90mstdout[2m | tests/integration/browser-message.test.ts
[22m[39mApplied migration: 20260911190913_g2_cost_ledger.sql

[90mstdout[2m | tests/integration/browser-message.test.ts
[22m[39mApplied migration: 20260911194100_g1_action_adjudication.sql

[90mstdout[2m | tests/integration/browser-message.test.ts
[22m[39mApplied migration: 20260911200056_g2_template_versions.sql

[90mstdout[2m | tests/integration/browser-message.test.ts
[22m[39mApplied migration: 20260911203355_g2_collection_checkpoints.sql

[90mstdout[2m | tests/integration/browser-message.test.ts
[22m[39mApplied migration: 20260911213439_g2_import_export.sql

[90mstdout[2m | tests/integration/browser-message.test.ts
[22m[39mApplied migration: 20260911221017_g2_target_snapshots.sql

[90mstdout[2m | tests/integration/browser-message.test.ts
[22m[39mApplied migration: 20260911224129_g2_schedule_rules.sql

[90mstdout[2m | tests/integration/browser-message.test.ts
[22m[39mApplied migration: 20260911235946_g3_owned_inbound.sql

[90mstdout[2m | tests/integration/browser-message.test.ts
[22m[39mApplied migration: 20260912003348_g3_owned_order_snapshots.sql

[90mstdout[2m | tests/integration/browser-message.test.ts
[22m[39mApplied migration: 20260912012250_g3_stripe_payments.sql

[90mstdout[2m | tests/integration/browser-message.test.ts
[22m[39mApplied migration: 20260912022322_g3_stripe_refunds.sql

[90mstdout[2m | tests/integration/browser-message.test.ts
[22m[39mApplied migration: 20260912031707_facebook_lead_inbound.sql

[90mstdout[2m | tests/integration/browser-message.test.ts
[22m[39mApplied migration: 20260912032804_lead_reception_execution.sql

[90mstdout[2m | tests/integration/browser-message.test.ts
[22m[39mApplied migration: 20260912034626_lead_automation_rules.sql

[90mstdout[2m | tests/integration/browser-message.test.ts
[22m[39mApplied migration: 20260912040653_lead_metrics_and_ingress_limits.sql

[90mstdout[2m | tests/integration/browser-message.test.ts
[22m[39mApplied migration: 20260912061549_acquisition_automation.sql

[90mstdout[2m | tests/integration/browser-message.test.ts
[22m[39mApplied migration: 20260912121030_acquisition_external_sources.sql

[90mstdout[2m | tests/integration/browser-message.test.ts
[22m[39mApplied migration: 20260912131442_browser_environment_runtime.sql

[90mstdout[2m | tests/integration/browser-message.test.ts
[22m[39mApplied migration: 20260912151353_browser_collection_tasks.sql

[90mstdout[2m | tests/integration/browser-message.test.ts
[22m[39mApplied migration: 20260912162852_browser_inbox_identity.sql

[90mstdout[2m | tests/integration/browser-message.test.ts
[22m[39mApplied migration: 20260912164913_browser_inbox_polling.sql

[90mstdout[2m | tests/integration/browser-message.test.ts
[22m[39mApplied migration: 20260912172904_browser_message_transport.sql

[90mstdout[2m | tests/integration/browser-message.test.ts
[22m[39mApplied migration: 20260913012544_real_browser_collection_permits.sql

[90mstdout[2m | tests/integration/browser-message.test.ts
[22m[39mApplied migration: 20260913042407_real_browser_inbox_permits.sql

[90mstdout[2m | tests/integration/browser-message.test.ts
[22m[39mApplied migration: 20260913052626_real_browser_message_permits.sql

[90mstdout[2m | tests/integration/browser-message.test.ts
[22m[39mApplied migration: 20260913154300_browser_comment_outreach.sql

[90mstdout[2m | tests/integration/browser-message.test.ts
[22m[39mApplied migration: 20260915022051_acquisition_source_continuation.sql

 [31m❯[39m tests/integration/browser-message.test.ts [2m([22m[2m12 tests[22m[2m | [22m[31m5 failed[39m[2m)[22m[33m 475861[2mms[22m[39m
[31m   [31m×[31m reads actual Inbox DOM, sends one browser WhatsApp invitation, persists the receipt and deduplicates the later echo[39m[33m 92924[2mms[22m[39m
   [33m[2m✓[22m[39m retains an unknown browser submission, rejects the wrong thread or peer and reconciles the original message once[33m 31029[2mms[22m[39m
   [33m[2m✓[22m[39m blocks wrong_account before a persisted submit intention or browser write[33m 27849[2mms[22m[39m
   [33m[2m✓[22m[39m blocks login_expired before a persisted submit intention or browser write[33m 23882[2mms[22m[39m
   [33m[2m✓[22m[39m blocks duplicate_control before a persisted submit intention or browser write[33m 30498[2mms[22m[39m
   [33m[2m✓[22m[39m blocks new-visible-message before a persisted submit intention or browser write[33m 32053[2mms[22m[39m
[31m   [31m×[31m invalidates a claimed reply on new-inbound through the shared submit gate[39m[33m 47832[2mms[22m[39m
[31m   [31m×[31m invalidates a claimed reply on transport-change through the shared submit gate[39m[33m 48984[2mms[22m[39m
   [33m[2m✓[22m[39m uses the existing AI preparation queue for browser replies and respects human takeover of a later prepared reply[33m 23961[2mms[22m[39m
   [33m[2m✓[22m[39m requires both thread and peer for human review of an unknown browser message[33m 36103[2mms[22m[39m
[31m   [31m×[31m ends a guardian that stopped answering while it held submission authority, and keeps the unknown outcome isolated[39m[33m 35143[2mms[22m[39m
[31m   [31m×[31m ends a child that went silent just after it opened a real browser, and never records that browser as closed[39m[33m 40456[2mms[22m[39m

[31m⎯⎯⎯⎯⎯⎯⎯[39m[1m[41m Failed Tests 5 [49m[22m[31m⎯⎯⎯⎯⎯⎯⎯[39m

[41m[1m FAIL [22m[49m tests/integration/browser-message.test.ts[2m > [22mreads actual Inbox DOM, sends one browser WhatsApp invitation, persists the receipt and deduplicates the later echo
[31m[1mError[22m: Test timed out in 90000ms.
If this is a long-running test, pass a timeout value as the last argument or configure it globally with "testTimeout".[39m
[36m [2m❯[22m tests/integration/browser-message.test.ts:[2m79:1[22m[39m
    [90m 77|[39m };
    [90m 78|[39m
    [90m 79|[39m it('reads actual Inbox DOM, sends one browser WhatsApp invitation, per…
    [90m   |[39m [31m^[39m
    [90m 80|[39m   const h = await setup(false, true); await seedDestination(h.account_…
    [90m 81|[39m   const input = { ...reply(), body: '', refer_whatsapp: true }, queued…

[31m[2m⎯⎯⎯⎯⎯⎯⎯⎯⎯⎯⎯⎯⎯⎯⎯⎯⎯⎯⎯⎯⎯⎯⎯⎯[1/5]⎯[22m[39m

[41m[1m FAIL [22m[49m tests/integration/browser-message.test.ts[2m > [22minvalidates a claimed reply on new-inbound through the shared submit gate
[41m[1m FAIL [22m[49m tests/integration/browser-message.test.ts[2m > [22minvalidates a claimed reply on transport-change through the shared submit gate
[31m[1mError[22m: Test timed out in 45000ms.
If this is a long-running test, pass a timeout value as the last argument or configure it globally with "testTimeout".[39m
[36m [2m❯[22m tests/integration/browser-message.test.ts:[2m118:54[22m[39m
    [90m116|[39m }, 45000);
    [90m117|[39m
    [90m118|[39m it.each(['new-inbound', 'transport-change'] as const)('invalidates a c…
    [90m   |[39m                                                      [31m^[39m
    [90m119|[39m   const h = await setup(), id = await conversation(h.account_id); awai…
    [90m120|[39m   if (change === 'transport-change') await configureFacebook(scope, { …

[31m[2m⎯⎯⎯⎯⎯⎯⎯⎯⎯⎯⎯⎯⎯⎯⎯⎯⎯⎯⎯⎯⎯⎯⎯⎯[2/5]⎯[22m[39m

[41m[1m FAIL [22m[49m tests/integration/browser-message.test.ts[2m > [22mends a guardian that stopped answering while it held submission authority, and keeps the unknown outcome isolated
[31m[1mAssertionError[22m: expected true to be false // Object.is equality[39m

[32m- Expected[39m
[31m+ Received[39m

[32m- false[39m
[31m+ true[39m

[36m [2m❯[22m tests/integration/browser-message.test.ts:[2m180:73[22m[39m
    [90m178|[39m   } finally { for (const [key, stored] of previous) { if (stored === u…
    [90m179|[39m   expect(guardian).toBeGreaterThan(0);
    [90m180|[39m   await expect.poll(() => isProcessAlive(guardian), { timeout: 10000 }…
    [90m   |[39m                                                                         [31m^[39m
    [90m181|[39m   // Three facts, recorded as three facts: the process is proven gone,…
    [90m182|[39m   // whether the platform write happened is precisely what nobody can …

[31m[1mCaused by: Error[22m: Matcher did not succeed in time.[39m
[36m [2m❯[22m tests/integration/browser-message.test.ts:[2m180:3[22m[39m

[31m[2m⎯⎯⎯⎯⎯⎯⎯⎯⎯⎯⎯⎯⎯⎯⎯⎯⎯⎯⎯⎯⎯⎯⎯⎯[3/5]⎯[22m[39m

[41m[1m FAIL [22m[49m tests/integration/browser-message.test.ts[2m > [22mends a child that went silent just after it opened a real browser, and never records that browser as closed
[31m[1mAssertionError[22m: expected true to be false // Object.is equality[39m

[32m- Expected[39m
[31m+ Received[39m

[32m- false[39m
[31m+ true[39m

[36m [2m❯[22m tests/integration/browser-message.test.ts:[2m267:73[22m[39m
    [90m265|[39m   expect(intentRequested).toBe(false);
    [90m266|[39m   expect(guardian).toBeGreaterThan(0);
    [90m267|[39m   await expect.poll(() => isProcessAlive(guardian), { timeout: 10000 }…
    [90m   |[39m                                                                         [31m^[39m
    [90m268|[39m   const identity = { command_id: command.id, action_id: command.action…
    [90m269|[39m   const record = readClosureEvidence(runtime, identity);

[31m[1mCaused by: Error[22m: Matcher did not succeed in time.[39m
[36m [2m❯[22m tests/integration/browser-message.test.ts:[2m267:3[22m[39m

[31m[2m⎯⎯⎯⎯⎯⎯⎯⎯⎯⎯⎯⎯⎯⎯⎯⎯⎯⎯⎯⎯⎯⎯⎯⎯[4/5]⎯[22m[39m


[2m Test Files [22m [1m[31m1 failed[39m[22m[90m (1)[39m
[2m      Tests [22m [1m[31m5 failed[39m[22m[2m | [22m[1m[32m7 passed[39m[22m[90m (12)[39m
[2m   Start at [22m 08:19:51
[2m   Duration [22m 492.07s[2m (tests 97%, transform 2%, import 1%)[22m

JSON report written to C:/Users/17731/Desktop/KFF/.kff/checks/integration-results.json
Retained isolated failed-test database: kff_test_31b9d71b9aa139d77363
