===== §7 MATRIX: browser-message, force=10000, load=2.50x logical cores =====
start=2026-09-18T10:35:45+08:00  spinners_armed=20  logical_cpus=8  force=10000
preflight_spinners=0
spinners_running=20

[1m[30m[46m RUN [49m[39m[22m [36mv5.0.0 [39m[90mC:/Users/17731/Desktop/KFF[39m

[90mstdout[2m | tests/integration/browser-message.test.ts
[22m[39mApplied migration: 20260911164326_g1_execution_core.sql

[90mstdout[2m | tests/integration/browser-message.test.ts
[22m[39mApplied migration: 20260911173241_g1_permits_reconciliation.sql

[90mstdout[2m | tests/integration/browser-message.test.ts
[22m[39mApplied migration: 20260911175249_g1_capability_evidence.sql

[90mstdout[2m | tests/integration/browser-message.test.ts
[22m[39mApplied migration: 20260911175746_g1_agent_slot_guard.sql

[90mstdout[2m | tests/integration/browser-message.test.ts
[22m[39mApplied migration: 20260911181005_g1_stop_and_agent_management.sql

[90mstdout[2m | tests/integration/browser-message.test.ts
[22m[39mApplied migration: 20260911185039_g1_contact_eligibility.sql

[90mstdout[2m | tests/integration/browser-message.test.ts
[22m[39mApplied migration: 20260911190913_g2_cost_ledger.sql

[90mstdout[2m | tests/integration/browser-message.test.ts
[22m[39mApplied migration: 20260911194100_g1_action_adjudication.sql

[90mstdout[2m | tests/integration/browser-message.test.ts
[22m[39mApplied migration: 20260911200056_g2_template_versions.sql

[90mstdout[2m | tests/integration/browser-message.test.ts
[22m[39mApplied migration: 20260911203355_g2_collection_checkpoints.sql

[90mstdout[2m | tests/integration/browser-message.test.ts
[22m[39mApplied migration: 20260911213439_g2_import_export.sql

[90mstdout[2m | tests/integration/browser-message.test.ts
[22m[39mApplied migration: 20260911221017_g2_target_snapshots.sql

[90mstdout[2m | tests/integration/browser-message.test.ts
[22m[39mApplied migration: 20260911224129_g2_schedule_rules.sql

[90mstdout[2m | tests/integration/browser-message.test.ts
[22m[39mApplied migration: 20260911235946_g3_owned_inbound.sql

[90mstdout[2m | tests/integration/browser-message.test.ts
[22m[39mApplied migration: 20260912003348_g3_owned_order_snapshots.sql

[90mstdout[2m | tests/integration/browser-message.test.ts
[22m[39mApplied migration: 20260912012250_g3_stripe_payments.sql

[90mstdout[2m | tests/integration/browser-message.test.ts
[22m[39mApplied migration: 20260912022322_g3_stripe_refunds.sql

[90mstdout[2m | tests/integration/browser-message.test.ts
[22m[39mApplied migration: 20260912031707_facebook_lead_inbound.sql

[90mstdout[2m | tests/integration/browser-message.test.ts
[22m[39mApplied migration: 20260912032804_lead_reception_execution.sql

[90mstdout[2m | tests/integration/browser-message.test.ts
[22m[39mApplied migration: 20260912034626_lead_automation_rules.sql

[90mstdout[2m | tests/integration/browser-message.test.ts
[22m[39mApplied migration: 20260912040653_lead_metrics_and_ingress_limits.sql

[90mstdout[2m | tests/integration/browser-message.test.ts
[22m[39mApplied migration: 20260912061549_acquisition_automation.sql

[90mstdout[2m | tests/integration/browser-message.test.ts
[22m[39mApplied migration: 20260912121030_acquisition_external_sources.sql

[90mstdout[2m | tests/integration/browser-message.test.ts
[22m[39mApplied migration: 20260912131442_browser_environment_runtime.sql

[90mstdout[2m | tests/integration/browser-message.test.ts
[22m[39mApplied migration: 20260912151353_browser_collection_tasks.sql

[90mstdout[2m | tests/integration/browser-message.test.ts
[22m[39mApplied migration: 20260912162852_browser_inbox_identity.sql

[90mstdout[2m | tests/integration/browser-message.test.ts
[22m[39mApplied migration: 20260912164913_browser_inbox_polling.sql

[90mstdout[2m | tests/integration/browser-message.test.ts
[22m[39mApplied migration: 20260912172904_browser_message_transport.sql

[90mstdout[2m | tests/integration/browser-message.test.ts
[22m[39mApplied migration: 20260913012544_real_browser_collection_permits.sql

[90mstdout[2m | tests/integration/browser-message.test.ts
[22m[39mApplied migration: 20260913042407_real_browser_inbox_permits.sql

[90mstdout[2m | tests/integration/browser-message.test.ts
[22m[39mApplied migration: 20260913052626_real_browser_message_permits.sql

[90mstdout[2m | tests/integration/browser-message.test.ts
[22m[39mApplied migration: 20260913154300_browser_comment_outreach.sql

[90mstdout[2m | tests/integration/browser-message.test.ts
[22m[39mApplied migration: 20260915022051_acquisition_source_continuation.sql

 [31m❯[39m tests/integration/browser-message.test.ts [2m([22m[2m12 tests[22m[2m | [22m[31m1 failed[39m[2m)[22m[33m 375748[2mms[22m[39m
   [33m[2m✓[22m[39m reads actual Inbox DOM, sends one browser WhatsApp invitation, persists the receipt and deduplicates the later echo[33m 63707[2mms[22m[39m
   [33m[2m✓[22m[39m retains an unknown browser submission, rejects the wrong thread or peer and reconciles the original message once[33m 20498[2mms[22m[39m
   [33m[2m✓[22m[39m blocks wrong_account before a persisted submit intention or browser write[33m 30502[2mms[22m[39m
   [33m[2m✓[22m[39m blocks login_expired before a persisted submit intention or browser write[33m 26256[2mms[22m[39m
   [33m[2m✓[22m[39m blocks duplicate_control before a persisted submit intention or browser write[33m 30941[2mms[22m[39m
   [33m[2m✓[22m[39m blocks new-visible-message before a persisted submit intention or browser write[33m 22513[2mms[22m[39m
   [33m[2m✓[22m[39m invalidates a claimed reply on new-inbound through the shared submit gate[33m 25094[2mms[22m[39m
   [33m[2m✓[22m[39m invalidates a claimed reply on transport-change through the shared submit gate[33m 41543[2mms[22m[39m
   [33m[2m✓[22m[39m uses the existing AI preparation queue for browser replies and respects human takeover of a later prepared reply[33m 26385[2mms[22m[39m
   [33m[2m✓[22m[39m requires both thread and peer for human review of an unknown browser message[33m 22799[2mms[22m[39m
[31m   [31m×[31m ends a guardian that stopped answering while it held submission authority, and keeps the unknown outcome isolated[39m[33m 28866[2mms[22m[39m
   [33m[2m✓[22m[39m ends a child that went silent just after it opened a real browser, and never records that browser as closed[33m 30396[2mms[22m[39m

[31m⎯⎯⎯⎯⎯⎯⎯[39m[1m[41m Failed Tests 1 [49m[22m[31m⎯⎯⎯⎯⎯⎯⎯[39m

[41m[1m FAIL [22m[49m tests/integration/browser-message.test.ts[2m > [22mends a guardian that stopped answering while it held submission authority, and keeps the unknown outcome isolated
[31m[1mError[22m: Expected a message command[39m
[36m [2m❯[22m claimLead tests/helpers/lead-fixture.ts:[2m31:117[22m[39m

[90m [2m❯[22m tests/integration/browser-message.test.ts:[2m334:17[22m[39m

[31m[2m⎯⎯⎯⎯⎯⎯⎯⎯⎯⎯⎯⎯⎯⎯⎯⎯⎯⎯⎯⎯⎯⎯⎯⎯[1/1]⎯[22m[39m


[2m Test Files [22m [1m[31m1 failed[39m[22m[90m (1)[39m
[2m      Tests [22m [1m[31m1 failed[39m[22m[2m | [22m[1m[32m11 passed[39m[22m[90m (12)[39m
[2m   Start at [22m 10:36:21
[2m   Duration [22m 392.62s[2m (tests 96%, transform 3%, import 1%)[22m

JSON report written to C:/Users/17731/Desktop/KFF/.kff/checks/integration-results.json
Retained isolated failed-test database: kff_test_bd977df1ec6cd51ee67e
exit=1
post_run_spinners=0
end=2026-09-18T10:43:04+08:00
